Time[ps]      Etot[eV]     Epot[eV]     Ekin[eV]    T[K]
0.0000           35.666       35.536        0.130     2.3
0.0020           35.730       35.531        0.199     3.6
0.0040           35.794       35.520        0.274     4.9
Time[ps]      Etot[eV]     Epot[eV]     Ekin[eV]    T[K]
0.0000           35.693       35.536        0.157     2.8
0.0020           35.754       35.532        0.222     4.0
0.0040           35.815       35.522        0.293     5.2
Time[ps]      Etot[eV]     Epot[eV]     Ekin[eV]    T[K]
0.0000           35.673       35.535        0.139     2.5
0.0020           35.736       35.527        0.210     3.8
0.0040           35.795       35.511        0.284     5.1
Time[ps]      Etot[eV]     Epot[eV]     Ekin[eV]    T[K]
0.0000           35.663       35.536        0.127     2.3
0.0020           35.729       35.531        0.198     3.5
0.0040           35.788       35.520        0.268     4.8
Time[ps]      Etot[eV]     Epot[eV]     Ekin[eV]    T[K]
0.0000           35.684       35.535        0.149     2.7
0.0020           35.754       35.528        0.226     4.0
0.0040           35.819       35.512        0.307     5.5
Time[ps]      Etot[eV]     Epot[eV]     Ekin[eV]    T[K]
0.0000           35.636       35.535        0.101     1.8
0.0020           35.700       35.529        0.171     3.1
0.0040           35.756       35.517        0.240     4.3
Time[ps]      Etot[eV]     Epot[eV]     Ekin[eV]    T[K]
0.0000           35.652       35.535        0.116     2.1
0.0020           35.725       35.528        0.197     3.5
0.0040           35.792       35.512        0.280     5.0
Time[ps]      Etot[eV]     Epot[eV]     Ekin[eV]    T[K]
0.0000           293.45       233.29        60.16   134.7
0.0020           237.99       232.59         5.40    12.1
0.0040           238.48       231.41         7.06    15.8
Time[ps]      Etot[eV]     Epot[eV]     Ekin[eV]    T[K]
0.0000           35.674       35.535        0.139     2.5
0.0020           35.747       35.528        0.219     3.9
0.0040           35.817       35.513        0.304     5.4
Time[ps]      Etot[eV]     Epot[eV]     Ekin[eV]    T[K]
0.0000           35.668       35.535        0.133     2.4
0.0020           35.739       35.528        0.211     3.8
0.0040           35.813       35.513        0.300     5.4
Time[ps]      Etot[eV]     Epot[eV]     Ekin[eV]    T[K]
0.0000           35.680       35.535        0.144     2.6
0.0020           35.737       35.528        0.209     3.7
0.0040           35.810       35.513        0.297     5.3
Time[ps]      Etot[eV]     Epot[eV]     Ekin[eV]    T[K]
0.0000           35.648       35.536        0.113     2.0
0.0020           35.734       35.530        0.204     3.7
0.0040           35.796       35.516        0.280     5.0
Time[ps]      Etot[eV]     Epot[eV]     Ekin[eV]    T[K]
0.0000           35.656       35.536        0.120     2.1
0.0020           35.710       35.532        0.178     3.2
0.0040           35.777       35.522        0.255     4.6
Time[ps]      Etot[eV]     Epot[eV]     Ekin[eV]    T[K]
0.0000           35.677       35.535        0.142     2.5
0.0020           35.738       35.527        0.212     3.8
0.0040           35.802       35.510        0.292     5.2
Time[ps]      Etot[eV]     Epot[eV]     Ekin[eV]    T[K]
0.0000           35.650       35.536        0.114     2.0
0.0020           35.705       35.532        0.173     3.1
0.0040           35.767       35.522        0.245     4.4
Time[ps]      Etot[eV]     Epot[eV]     Ekin[eV]    T[K]
0.0000           35.692       35.535        0.158     2.8
0.0020           35.760       35.526        0.234     4.2
0.0040           35.819       35.509        0.310     5.6
Time[ps]      Etot[eV]     Epot[eV]     Ekin[eV]    T[K]
0.0000           35.651       35.536        0.115     2.1
0.0020           35.704       35.531        0.173     3.1
0.0040           35.757       35.520        0.237     4.2
Time[ps]      Etot[eV]     Epot[eV]     Ekin[eV]    T[K]
0.0000           35.675       35.536        0.140     2.5
0.0020           35.728       35.529        0.198     3.6
0.0040           35.795       35.516        0.279     5.0
Time[ps]      Etot[eV]     Epot[eV]     Ekin[eV]    T[K]
0.0000           35.646       35.535        0.111     2.0
0.0020           35.710       35.528        0.182     3.3
0.0040           35.776       35.513        0.263     4.7
